// Jest Snapshot v1, https://goo.gl/fbAQLP

exports[`With Snapshot Testing App shows "Index" 1`] = `
Array [
  <header
    class="MuiPaper-root-20 MuiPaper-elevation4-26 MuiAppBar-root-11 MuiAppBar-positionStatic-15 MuiAppBar-colorDefault-17 Component-appBar-2"
  >
    <div
      class="MuiToolbar-root-47 MuiToolbar-regular-49 MuiToolbar-gutters-48"
    >
      <h6
        class="MuiTypography-root-51 MuiTypography-h6-68 MuiTypography-colorInherit-80 MuiTypography-noWrap-77 Component-toolbarTitle-3"
      >
        <a
          href="/"
          style="text-decoration:none;color:black"
        >
          TF
        </a>
      </h6>
      <h6
        class="MuiTypography-root-51 MuiTypography-h6-68 MuiTypography-colorInherit-80 MuiTypography-noWrap-77 Component-toolbarTitle-3"
      >
        <svg
          aria-hidden="true"
          class="sc-bwzfXH bqgLxe"
          fill="currentColor"
          focusable="false"
          height="40"
          size="40"
          viewBox="0 0 26 24"
          width="40"
        >
          <path
            d="M24.24 8l1.35-1.68C25.1 5.96 20.26 2 13 2S.9 5.96.42 6.32l12.57 15.66.01.02.01-.01L20 13.28V8h4.24z"
            fill-opacity="0.3"
          />
          <path
            d="M7.34 14.95L13 21.99V22v-.01l5.66-7.05C18.44 14.78 16.27 13 13 13s-5.44 1.78-5.66 1.95zM22 22h2v-2h-2v2zm0-12v8h2v-8h-2z"
          />
        </svg>
      </h6>
      <button
        class="MuiButtonBase-root-112 MuiButton-root-86 MuiButton-text-88 MuiButton-flat-91"
        tabindex="0"
        type="button"
      >
        <span
          class="MuiButton-label-87"
        >
          <a
            class="Component-appBarLink-10"
            href="/dashboard"
          >
            dashboard_menu
          </a>
        </span>
        <span
          class="MuiTouchRipple-root-115"
        />
      </button>
      <button
        class="MuiButtonBase-root-112 MuiButton-root-86 MuiButton-text-88 MuiButton-flat-91"
        tabindex="0"
        type="button"
      >
        <span
          class="MuiButton-label-87"
        >
          <a
            class="Component-appBarLink-10"
            href="/about"
          >
            about_menu
          </a>
        </span>
        <span
          class="MuiTouchRipple-root-115"
        />
      </button>
      <button
        class="MuiButtonBase-root-112 MuiButton-root-86 MuiButton-text-88 MuiButton-flat-91"
        tabindex="0"
        type="button"
      >
        <span
          class="MuiButton-label-87"
        >
          <a
            class="Component-appBarLink-10"
            href="/pricing"
          >
            pricing_menu
          </a>
        </span>
        <span
          class="MuiTouchRipple-root-115"
        />
      </button>
      <button
        class="MuiButtonBase-root-112 MuiButton-root-86 MuiButton-text-88 MuiButton-flat-91"
        tabindex="0"
        type="button"
      >
        <span
          class="MuiButton-label-87"
        >
          <a
            class="Component-appBarLink-10"
            href="/contact"
          >
            contact_menu
          </a>
        </span>
        <span
          class="MuiTouchRipple-root-115"
        />
      </button>
      <button
        class="MuiButtonBase-root-112 MuiButton-root-86 MuiButton-text-88 MuiButton-textPrimary-89 MuiButton-outlined-94 MuiButton-outlinedPrimary-95"
        tabindex="0"
        type="button"
      >
        <span
          class="MuiButton-label-87"
        >
          Login
        </span>
        <span
          class="MuiTouchRipple-root-115"
        />
      </button>
    </div>
  </header>,
  <div
    class="MuiGrid-container-122 MuiGrid-spacing-xs-24-146"
  >
    <div
      class="MuiGrid-item-123 MuiGrid-grid-xs-12-162"
    >
      <div
        class="MuiGrid-container-122 MuiGrid-spacing-xs-24-146"
      >
        <div
          class="MuiGrid-item-123 MuiGrid-grid-xs-1-151"
        />
        <div
          class="MuiGrid-item-123 MuiGrid-grid-xs-9-159"
        >
          <div
            class="MuiGrid-container-122 MuiGrid-spacing-xs-24-146"
          >
            <div
              class="MuiGrid-item-123 MuiGrid-grid-xs-12-162"
            >
              <div
                class="jsx-3198062752 loader"
              />
            </div>
            <div
              class="MuiGrid-item-123 MuiGrid-grid-xs-12-162"
            >
              Test
            </div>
          </div>
        </div>
        <div
          class="MuiGrid-item-123 MuiGrid-grid-xs-2-152"
        >
          <div
            class="NestedList-root-219"
          >
            <nav
              class="MuiList-root-221 MuiList-padding-222 MuiList-subheader-224"
            >
              <div
                class="MuiListSubheader-root-225 MuiListSubheader-sticky-230 MuiListSubheader-gutters-228"
              >
                Menu
              </div>
              <div
                class="MuiButtonBase-root-112 MuiListItem-root-231 MuiListItem-default-234 MuiListItem-gutters-238 MuiListItem-button-239"
                role="button"
                tabindex="0"
              >
                <div
                  class="MuiListItemIcon-root-242"
                >
                  <svg
                    aria-hidden="true"
                    class="MuiSvgIcon-root-243"
                    focusable="false"
                    role="presentation"
                    viewBox="0 0 24 24"
                  >
                    <path
                      d="M2.01 21L23 12 2.01 3 2 10l15 2-15 2z"
                    />
                    <path
                      d="M0 0h24v24H0z"
                      fill="none"
                    />
                  </svg>
                </div>
                <div
                  class="MuiListItemText-root-252 MuiListItemText-inset-253"
                >
                  <span
                    class="MuiTypography-root-51 MuiTypography-subheading-58 MuiListItemText-primary-255"
                  >
                    Sent mail
                  </span>
                </div>
                <span
                  class="MuiTouchRipple-root-115"
                />
              </div>
              <div
                class="MuiButtonBase-root-112 MuiListItem-root-231 MuiListItem-default-234 MuiListItem-gutters-238 MuiListItem-button-239"
                role="button"
                tabindex="0"
              >
                <div
                  class="MuiListItemIcon-root-242"
                >
                  <svg
                    aria-hidden="true"
                    class="MuiSvgIcon-root-243"
                    focusable="false"
                    role="presentation"
                    viewBox="0 0 24 24"
                  >
                    <path
                      d="M21.99 8c0-.72-.37-1.35-.94-1.7L12 1 2.95 6.3C2.38 6.65 2 7.28 2 8v10c0 1.1.9 2 2 2h16c1.1 0 2-.9 2-2l-.01-10zM12 13L3.74 7.84 12 3l8.26 4.84L12 13z"
                    />
                    <path
                      d="M0 0h24v24H0z"
                      fill="none"
                    />
                  </svg>
                </div>
                <div
                  class="MuiListItemText-root-252 MuiListItemText-inset-253"
                >
                  <span
                    class="MuiTypography-root-51 MuiTypography-subheading-58 MuiListItemText-primary-255"
                  >
                    Drafts
                  </span>
                </div>
                <span
                  class="MuiTouchRipple-root-115"
                />
              </div>
              <div
                class="MuiButtonBase-root-112 MuiListItem-root-231 MuiListItem-default-234 MuiListItem-gutters-238 MuiListItem-button-239"
                role="button"
                tabindex="0"
              >
                <div
                  class="MuiListItemIcon-root-242"
                >
                  <svg
                    aria-hidden="true"
                    class="MuiSvgIcon-root-243"
                    focusable="false"
                    role="presentation"
                    viewBox="0 0 24 24"
                  >
                    <path
                      d="M19 3H4.99c-1.11 0-1.98.9-1.98 2L3 19c0 1.1.88 2 1.99 2H19c1.1 0 2-.9 2-2V5c0-1.1-.9-2-2-2zm0 12h-4c0 1.66-1.35 3-3 3s-3-1.34-3-3H4.99V5H19v10zm-3-5h-2V7h-4v3H8l4 4 4-4z"
                    />
                    <path
                      d="M0 0h24v24H0V0z"
                      fill="none"
                    />
                  </svg>
                </div>
                <div
                  class="MuiListItemText-root-252 MuiListItemText-inset-253"
                >
                  <span
                    class="MuiTypography-root-51 MuiTypography-subheading-58 MuiListItemText-primary-255"
                  >
                    Inbox
                  </span>
                </div>
                <svg
                  aria-hidden="true"
                  class="MuiSvgIcon-root-243"
                  focusable="false"
                  role="presentation"
                  viewBox="0 0 24 24"
                >
                  <path
                    d="M12 8l-6 6 1.41 1.41L12 10.83l4.59 4.58L18 14z"
                  />
                  <path
                    d="M0 0h24v24H0z"
                    fill="none"
                  />
                </svg>
                <span
                  class="MuiTouchRipple-root-115"
                />
              </div>
              <div
                class="MuiCollapse-container-258 MuiCollapse-entered-259"
                style="min-height:0px"
              >
                <div
                  class="MuiCollapse-wrapper-260"
                >
                  <div
                    class="MuiCollapse-wrapperInner-261"
                  >
                    <div
                      class="MuiList-root-221"
                    >
                      <div
                        class="MuiButtonBase-root-112 MuiListItem-root-231 MuiListItem-default-234 MuiListItem-gutters-238 MuiListItem-button-239 NestedList-nested-220"
                        role="button"
                        tabindex="0"
                      >
                        <div
                          class="MuiListItemIcon-root-242"
                        >
                          <svg
                            aria-hidden="true"
                            class="MuiSvgIcon-root-243"
                            focusable="false"
                            role="presentation"
                            viewBox="0 0 24 24"
                          >
                            <path
                              d="M22 9.24l-7.19-.62L12 2 9.19 8.63 2 9.24l5.46 4.73L5.82 21 12 17.27 18.18 21l-1.63-7.03L22 9.24zM12 15.4l-3.76 2.27 1-4.28-3.32-2.88 4.38-.38L12 6.1l1.71 4.04 4.38.38-3.32 2.88 1 4.28L12 15.4z"
                            />
                            <path
                              d="M0 0h24v24H0z"
                              fill="none"
                            />
                          </svg>
                        </div>
                        <div
                          class="MuiListItemText-root-252 MuiListItemText-inset-253"
                        >
                          <span
                            class="MuiTypography-root-51 MuiTypography-subheading-58 MuiListItemText-primary-255"
                          >
                            Starred
                          </span>
                        </div>
                        <span
                          class="MuiTouchRipple-root-115"
                        />
                      </div>
                    </div>
                  </div>
                </div>
              </div>
            </nav>
          </div>
        </div>
      </div>
    </div>
  </div>,
  <footer
    class="Component-footer-269 Component-layout-264"
  >
    <div
      class="MuiGrid-container-122 MuiGrid-spacing-xs-32-147 MuiGrid-justify-xs-space-evenly-143"
    >
      <div
        class="MuiGrid-item-123 MuiGrid-grid-xs-true-150"
      >
        <h6
          class="MuiTypography-root-51 MuiTypography-h6-68 MuiTypography-colorTextPrimary-83 MuiTypography-gutterBottom-78"
        >
          choose_language
        </h6>
        <div
          class="MuiInputBase-root-291 MuiInput-root-278 MuiInput-underline-282"
        >
          <div
            class="MuiSelect-root-271"
          >
            <div
              aria-haspopup="true"
              aria-pressed="false"
              class="MuiSelect-select-272 MuiSelect-selectMenu-275 MuiInputBase-input-301 MuiInput-input-286"
              role="button"
              tabindex="0"
            >
              language_en
            </div>
            <input
              type="hidden"
              value="en"
            />
            <svg
              aria-hidden="true"
              class="MuiSvgIcon-root-243 MuiSelect-icon-277"
              focusable="false"
              role="presentation"
              viewBox="0 0 24 24"
            >
              <path
                d="M7 10l5 5 5-5z"
              />
            </svg>
          </div>
        </div>
      </div>
      <div
        class="MuiGrid-item-123 MuiGrid-grid-xs-true-150"
      >
        <h6
          class="MuiTypography-root-51 MuiTypography-h6-68 MuiTypography-colorTextPrimary-83 MuiTypography-gutterBottom-78"
        >
          Company
        </h6>
        <h6
          class="MuiTypography-root-51 MuiTypography-subtitle1-69 MuiTypography-colorTextSecondary-84"
        >
          Team
        </h6>
        <h6
          class="MuiTypography-root-51 MuiTypography-subtitle1-69 MuiTypography-colorTextSecondary-84"
        >
          History
        </h6>
        <h6
          class="MuiTypography-root-51 MuiTypography-subtitle1-69 MuiTypography-colorTextSecondary-84"
        >
          Contact us
        </h6>
        <h6
          class="MuiTypography-root-51 MuiTypography-subtitle1-69 MuiTypography-colorTextSecondary-84"
        >
          Locations
        </h6>
      </div>
      <div
        class="MuiGrid-item-123 MuiGrid-grid-xs-true-150"
      >
        <h6
          class="MuiTypography-root-51 MuiTypography-h6-68 MuiTypography-colorTextPrimary-83 MuiTypography-gutterBottom-78"
        >
          Features
        </h6>
        <h6
          class="MuiTypography-root-51 MuiTypography-subtitle1-69 MuiTypography-colorTextSecondary-84"
        >
          Cool stuff
        </h6>
        <h6
          class="MuiTypography-root-51 MuiTypography-subtitle1-69 MuiTypography-colorTextSecondary-84"
        >
          Random feature
        </h6>
        <h6
          class="MuiTypography-root-51 MuiTypography-subtitle1-69 MuiTypography-colorTextSecondary-84"
        >
          Team feature
        </h6>
        <h6
          class="MuiTypography-root-51 MuiTypography-subtitle1-69 MuiTypography-colorTextSecondary-84"
        >
          Developer stuff
        </h6>
        <h6
          class="MuiTypography-root-51 MuiTypography-subtitle1-69 MuiTypography-colorTextSecondary-84"
        >
          Another one
        </h6>
      </div>
      <div
        class="MuiGrid-item-123 MuiGrid-grid-xs-true-150"
      >
        <h6
          class="MuiTypography-root-51 MuiTypography-h6-68 MuiTypography-colorTextPrimary-83 MuiTypography-gutterBottom-78"
        >
          Resources
        </h6>
        <h6
          class="MuiTypography-root-51 MuiTypography-subtitle1-69 MuiTypography-colorTextSecondary-84"
        >
          Resource
        </h6>
        <h6
          class="MuiTypography-root-51 MuiTypography-subtitle1-69 MuiTypography-colorTextSecondary-84"
        >
          Resource name
        </h6>
        <h6
          class="MuiTypography-root-51 MuiTypography-subtitle1-69 MuiTypography-colorTextSecondary-84"
        >
          Another resource
        </h6>
        <h6
          class="MuiTypography-root-51 MuiTypography-subtitle1-69 MuiTypography-colorTextSecondary-84"
        >
          Final resource
        </h6>
      </div>
      <div
        class="MuiGrid-item-123 MuiGrid-grid-xs-true-150"
      >
        <h6
          class="MuiTypography-root-51 MuiTypography-h6-68 MuiTypography-colorTextPrimary-83 MuiTypography-gutterBottom-78"
        >
          Legal
        </h6>
        <h6
          class="MuiTypography-root-51 MuiTypography-subtitle1-69 MuiTypography-colorTextSecondary-84"
        >
          Privacy policy
        </h6>
        <h6
          class="MuiTypography-root-51 MuiTypography-subtitle1-69 MuiTypography-colorTextSecondary-84"
        >
          Terms of use
        </h6>
      </div>
    </div>
  </footer>,
]
`;
